interactions:
- request:
    body: null
    headers:
      Accept:
      - '*/*'
      Accept-Encoding:
      - gzip, deflate
      Connection:
      - keep-alive
      User-Agent:
      - python-requests/2.24.0
      if-modified-since:
      - Sat, 04 Jul 2020 14:06:19 GMT
    method: HEAD
    uri: https://www.transportforireland.ie/transitData/google_transit_mortons.zip
  response:
    body:
      string: ''
    headers:
      Cache-Control:
      - max-age=172800
      Connection:
      - keep-alive
      Date:
      - Sat, 04 Jul 2020 14:06:20 GMT
      Expires:
      - Mon, 06 Jul 2020 14:06:20 GMT
      Vary:
      - X-Forwarded-Proto
      Last-Modified:
      - Sat, 04 Jul 2020 13:41:09 GMT
    status:
      code: 304
      message: Not Modified
- request:
    body: null
    headers:
      Accept:
      - '*/*'
      Accept-Encoding:
      - gzip, deflate
      Connection:
      - keep-alive
      User-Agent:
      - python-requests/2.24.0
      if-modified-since:
      - Sat, 04 Jul 2020 14:06:19 GMT
    method: HEAD
    uri: https://www.transportforireland.ie/transitData/google_transit_seamusdoherty.zip
  response:
    body:
      string: ''
    headers:
      Cache-Control:
      - max-age=600, private, must-revalidate
      Connection:
      - keep-alive
      Content-Encoding:
      - gzip
      Content-Type:
      - text/html; charset=UTF-8
      Date:
      - Sat, 04 Jul 2020 14:06:20 GMT
      Expires:
      - Wed, 11 Jan 1984 05:00:00 GMT
      Last-Modified:
      - Sat, 04 Jul 2020 13:41:09 GMT
      Vary:
      - X-Forwarded-Proto,Accept-Encoding
    status:
      code: 404
      message: Not Found
- request:
    body: null
    headers:
      Accept:
      - '*/*'
      Accept-Encoding:
      - gzip, deflate
      Connection:
      - keep-alive
      User-Agent:
      - python-requests/2.24.0
      if-modified-since:
      - Sat, 04 Jul 2020 14:06:19 GMT
    method: GET
    uri: https://www.transportforireland.ie/transitData/google_transit_seamusdoherty.zip
  response:
    body:
      string: ''
    headers:
      Cache-Control:
      - max-age=600, private, must-revalidate
      Connection:
      - keep-alive
      Content-Encoding:
      - gzip
      Content-Type:
      - text/html; charset=UTF-8
      Date:
      - Sat, 04 Jul 2020 14:06:21 GMT
      Expires:
      - Wed, 11 Jan 1984 05:00:00 GMT
      Last-Modified:
      - Sat, 04 Jul 2020 13:41:09 GMT
      Transfer-Encoding:
      - chunked
      Vary:
      - X-Forwarded-Proto,Accept-Encoding
    status:
      code: 404
      message: Not Found
version: 1
