interactions:
- request:
    body: null
    headers:
      Accept: ['*/*']
      Accept-Encoding: ['gzip, deflate']
      Connection: [keep-alive]
      User-Agent: [python-requests/2.18.4]
    method: GET
    uri: http://naptan.app.dft.gov.uk/GridMethods/NPTGLastSubs_Load.ashx
  response:
    body: {string: '[{"Region":"S","LocalityName":"Shetland Islands","DataBaseID":"603","LastUpload":"04/09/2020",
        "ActiveStops":918,"PendingStops":0,"DeletedStops":45,"ArchivedStops":0,"ArchivedStopAreas":0,"ActiveStopAreas":378,
        "PendingStopAreas":0,"DeletedStopAreas":0,"PK":59}]'}
    headers:
      Cache-Control: [private]
      Content-Length: ['16163']
      Content-Type: [application/json; charset=utf-8]
      Date: ['Sun, 01 Oct 2017 18:31:30 GMT']
      Server: [Microsoft-IIS/8.5]
      X-AspNet-Version: [4.0.30319]
      X-Powered-By: [ASP.NET]
    status: {code: 200, message: OK}
- request:
    body: null
    headers:
      Accept: ['*/*']
      Accept-Encoding: ['gzip, deflate']
      Connection: [keep-alive]
      User-Agent: [python-requests/2.18.4]
    method: GET
    uri: http://naptan.app.dft.gov.uk/DataRequest/Naptan.ashx?format=csv&LA=603
  response:
    body: {string: 'Problem with request Naptan download: V2nacsv'}
    headers:
      Cache-Control: [private]
      Content-Length: ['0']
      Content-Type: [text/plain]
      Date: ['Sun, 01 Oct 2017 18:36:46 GMT']
      Server: [Microsoft-IIS/8.5]
      X-AspNet-Version: [4.0.30319]
      X-Powered-By: [ASP.NET]
      content-disposition: [attachment; filename=DATA_183645.zip]
    status: {code: 200, message: OK}
- request:
    body: null
    headers:
      Accept: ['*/*']
      Accept-Encoding: ['gzip, deflate']
      Connection: [keep-alive]
      User-Agent: [python-requests/2.18.4]
    method: GET
    uri: http://naptan.app.dft.gov.uk/DataRequest/Naptan.ashx?format=csv
  response:
    body:
      string: 'these pretzels are making me thirsty again'
    headers:
      Cache-Control: [private]
      Content-Length: ['30154548']
      Content-Type: [application/zip]
      Date: ['Sun, 01 Oct 2017 18:38:29 GMT']
      Server: [Microsoft-IIS/8.5]
      X-AspNet-Version: [4.0.30319]
      X-Powered-By: [ASP.NET]
      content-disposition: [attachment; filename=NaPTANcsv.zip]
    status: {code: 200, message: OK}
version: 1
